MPLINK 4.37, Linker
Linker Map File - Created Sat Feb 02 11:31:22 2013

                                 Section Info
                  Section       Type    Address   Location Size(Bytes)
                ---------  ---------  ---------  ---------  ---------
                   .org_0       code   0x000000    program   0x000000
                   .org_1       code   0x000000    program   0x000004
                   .org_2       code   0x000004    program   0x000c4c
  .config_2007_CS019B07.O       code   0x002007    program   0x000002



                              Program Memory Usage 
                               Start         End      
                           ---------   ---------      
                            0x000000    0x000001      
                            0x000004    0x000629      
                            0x002007    0x002007      
            1577 out of 4101 program addresses used, program memory utilization is 38%



                              Symbols - Sorted by Name
                     Name    Address   Location    Storage File                     
                ---------  ---------  ---------  --------- ---------                
               HighImpInt   0x0000af    program     static C:\Users\MJZ\Documents\cs019_sw\CS019B07\CS019B07.asm
              HighImpInt2   0x0000b1    program     static C:\Users\MJZ\Documents\cs019_sw\CS019B07\CS019B07.asm
              HighImpShrt   0x00008b    program     static C:\Users\MJZ\Documents\cs019_sw\CS019B07\CS019B07.asm
                Highpulse   0x000086    program     static C:\Users\MJZ\Documents\cs019_sw\CS019B07\CS019B07.asm
                LowImpInt   0x0000dd    program     static C:\Users\MJZ\Documents\cs019_sw\CS019B07\CS019B07.asm
               LowImpInt2   0x0000df    program     static C:\Users\MJZ\Documents\cs019_sw\CS019B07\CS019B07.asm
               LowImpShrt   0x0000ba    program     static C:\Users\MJZ\Documents\cs019_sw\CS019B07\CS019B07.asm
                 Lowpulse   0x0000b6    program     static C:\Users\MJZ\Documents\cs019_sw\CS019B07\CS019B07.asm
                   PwmInt   0x000083    program     static C:\Users\MJZ\Documents\cs019_sw\CS019B07\CS019B07.asm
                  WaitAdc   0x00032e    program     static C:\Users\MJZ\Documents\cs019_sw\CS019B07\CS019B07.asm
                WaitNoInt   0x000329    program     static C:\Users\MJZ\Documents\cs019_sw\CS019B07\CS019B07.asm
                  acq_a2d   0x00031a    program     static C:\Users\MJZ\Documents\cs019_sw\CS019B07\CS019B07.asm
          adjust_backspin   0x000428    program     static C:\Users\MJZ\Documents\cs019_sw\CS019B07\CS019B07.asm
         adjust_backspin1   0x000355    program     static C:\Users\MJZ\Documents\cs019_sw\CS019B07\CS019B07.asm
               adjust_bs1   0x000389    program     static C:\Users\MJZ\Documents\cs019_sw\CS019B07\CS019B07.asm
           adjust_topspin   0x0003de    program     static C:\Users\MJZ\Documents\cs019_sw\CS019B07\CS019B07.asm
          adjust_topspin1   0x000393    program     static C:\Users\MJZ\Documents\cs019_sw\CS019B07\CS019B07.asm
                adjust_ts   0x000412    program     static C:\Users\MJZ\Documents\cs019_sw\CS019B07\CS019B07.asm
                   at0sec   0x000046    program     static C:\Users\MJZ\Documents\cs019_sw\CS019B07\CS019B07.asm
                  at10sec   0x000109    program     static C:\Users\MJZ\Documents\cs019_sw\CS019B07\CS019B07.asm
                  at11sec   0x000109    program     static C:\Users\MJZ\Documents\cs019_sw\CS019B07\CS019B07.asm
                  at12sec   0x00010a    program     static C:\Users\MJZ\Documents\cs019_sw\CS019B07\CS019B07.asm
                  at13sec   0x00010a    program     static C:\Users\MJZ\Documents\cs019_sw\CS019B07\CS019B07.asm
                  at14sec   0x00010b    program     static C:\Users\MJZ\Documents\cs019_sw\CS019B07\CS019B07.asm
                  at15sec   0x00010d    program     static C:\Users\MJZ\Documents\cs019_sw\CS019B07\CS019B07.asm
                   at1sec   0x0000e3    program     static C:\Users\MJZ\Documents\cs019_sw\CS019B07\CS019B07.asm
                   at2sec   0x0000fa    program     static C:\Users\MJZ\Documents\cs019_sw\CS019B07\CS019B07.asm
                   at3sec   0x0000fa    program     static C:\Users\MJZ\Documents\cs019_sw\CS019B07\CS019B07.asm
                   at4sec   0x0000fb    program     static C:\Users\MJZ\Documents\cs019_sw\CS019B07\CS019B07.asm
                   at5sec   0x0000fc    program     static C:\Users\MJZ\Documents\cs019_sw\CS019B07\CS019B07.asm
                   at6sec   0x000104    program     static C:\Users\MJZ\Documents\cs019_sw\CS019B07\CS019B07.asm
                   at7sec   0x000105    program     static C:\Users\MJZ\Documents\cs019_sw\CS019B07\CS019B07.asm
                   at8sec   0x000108    program     static C:\Users\MJZ\Documents\cs019_sw\CS019B07\CS019B07.asm
                   at9sec   0x000109    program     static C:\Users\MJZ\Documents\cs019_sw\CS019B07\CS019B07.asm
                    atcom   0x00010c    program     static C:\Users\MJZ\Documents\cs019_sw\CS019B07\CS019B07.asm
             ball_dropped   0x000615    program     static C:\Users\MJZ\Documents\cs019_sw\CS019B07\CS019B07.asm
                 bat_dead   0x0004e4    program     static C:\Users\MJZ\Documents\cs019_sw\CS019B07\CS019B07.asm
            bat_dead_loop   0x0004eb    program     static C:\Users\MJZ\Documents\cs019_sw\CS019B07\CS019B07.asm
              bat_led_xit   0x000532    program     static C:\Users\MJZ\Documents\cs019_sw\CS019B07\CS019B07.asm
        between_2.4v_2.5v   0x000520    program     static C:\Users\MJZ\Documents\cs019_sw\CS019B07\CS019B07.asm
           bot_not_inited   0x000627    program     static C:\Users\MJZ\Documents\cs019_sw\CS019B07\CS019B07.asm
                   bs_com   0x00043f    program     static C:\Users\MJZ\Documents\cs019_sw\CS019B07\CS019B07.asm
             calc_bot_pwm   0x000339    program     static C:\Users\MJZ\Documents\cs019_sw\CS019B07\CS019B07.asm
                calc_feed   0x000212    program     static C:\Users\MJZ\Documents\cs019_sw\CS019B07\CS019B07.asm
             calc_top_pwm   0x0003c3    program     static C:\Users\MJZ\Documents\cs019_sw\CS019B07\CS019B07.asm
             charg_lt_3_0   0x000468    program     static C:\Users\MJZ\Documents\cs019_sw\CS019B07\CS019B07.asm
             charg_lt_3_2   0x00045f    program     static C:\Users\MJZ\Documents\cs019_sw\CS019B07\CS019B07.asm
             charg_lt_3_3   0x00045e    program     static C:\Users\MJZ\Documents\cs019_sw\CS019B07\CS019B07.asm
              chk_2linesw   0x0005e5    program     static C:\Users\MJZ\Documents\cs019_sw\CS019B07\CS019B07.asm
       chk_feed_rate_type   0x000199    program     static C:\Users\MJZ\Documents\cs019_sw\CS019B07\CS019B07.asm
             chk_feed_xit   0x0002c7    program     static C:\Users\MJZ\Documents\cs019_sw\CS019B07\CS019B07.asm
                 chk_intf   0x00060d    program     static C:\Users\MJZ\Documents\cs019_sw\CS019B07\CS019B07.asm
                 chk_rbif   0x00047e    program     static C:\Users\MJZ\Documents\cs019_sw\CS019B07\CS019B07.asm
                chk_rbif1   0x0004a5    program     static C:\Users\MJZ\Documents\cs019_sw\CS019B07\CS019B07.asm
                chk_rbif2   0x000495    program     static C:\Users\MJZ\Documents\cs019_sw\CS019B07\CS019B07.asm
                chk_rbif3   0x000494    program     static C:\Users\MJZ\Documents\cs019_sw\CS019B07\CS019B07.asm
               chk_remote   0x0005bb    program     static C:\Users\MJZ\Documents\cs019_sw\CS019B07\CS019B07.asm
                debug_led   0x00054d    program     static C:\Users\MJZ\Documents\cs019_sw\CS019B07\CS019B07.asm
                  dec_bot   0x0001dd    program     static C:\Users\MJZ\Documents\cs019_sw\CS019B07\CS019B07.asm
             dec_bot_by_8   0x0001e3    program     static C:\Users\MJZ\Documents\cs019_sw\CS019B07\CS019B07.asm
                  dec_top   0x0001c2    program     static C:\Users\MJZ\Documents\cs019_sw\CS019B07\CS019B07.asm
             dec_top_by_8   0x0001c8    program     static C:\Users\MJZ\Documents\cs019_sw\CS019B07\CS019B07.asm
                  delaylp   0x000327    program     static C:\Users\MJZ\Documents\cs019_sw\CS019B07\CS019B07.asm
              enable_feed   0x0001fe    program     static C:\Users\MJZ\Documents\cs019_sw\CS019B07\CS019B07.asm
                 feed_0_2   0x000235    program     static C:\Users\MJZ\Documents\cs019_sw\CS019B07\CS019B07.asm
               feed_10_12   0x00029e    program     static C:\Users\MJZ\Documents\cs019_sw\CS019B07\CS019B07.asm
              feed_12_off   0x0002b6    program     static C:\Users\MJZ\Documents\cs019_sw\CS019B07\CS019B07.asm
                 feed_2_4   0x000245    program     static C:\Users\MJZ\Documents\cs019_sw\CS019B07\CS019B07.asm
                 feed_4_6   0x000250    program     static C:\Users\MJZ\Documents\cs019_sw\CS019B07\CS019B07.asm
                 feed_6_8   0x000262    program     static C:\Users\MJZ\Documents\cs019_sw\CS019B07\CS019B07.asm
                feed_8_10   0x000280    program     static C:\Users\MJZ\Documents\cs019_sw\CS019B07\CS019B07.asm
                 feed_end   0x0002b9    program     static C:\Users\MJZ\Documents\cs019_sw\CS019B07\CS019B07.asm
                 feed_off   0x0001f2    program     static C:\Users\MJZ\Documents\cs019_sw\CS019B07\CS019B07.asm
                  feed_ok   0x000145    program     static C:\Users\MJZ\Documents\cs019_sw\CS019B07\CS019B07.asm
                 feed_ok1   0x0001a1    program     static C:\Users\MJZ\Documents\cs019_sw\CS019B07\CS019B07.asm
             feed_toggled   0x0005e0    program     static C:\Users\MJZ\Documents\cs019_sw\CS019B07\CS019B07.asm
                fgrn_loop   0x00046d    program     static C:\Users\MJZ\Documents\cs019_sw\CS019B07\CS019B07.asm
                flash_com   0x00046b    program     static C:\Users\MJZ\Documents\cs019_sw\CS019B07\CS019B07.asm
              flash_error   0x0004d2    program     static C:\Users\MJZ\Documents\cs019_sw\CS019B07\CS019B07.asm
           flash_greenled   0x0004d5    program     static C:\Users\MJZ\Documents\cs019_sw\CS019B07\CS019B07.asm
                flash_grn   0x000460    program     static C:\Users\MJZ\Documents\cs019_sw\CS019B07\CS019B07.asm
                flash_red   0x000464    program     static C:\Users\MJZ\Documents\cs019_sw\CS019B07\CS019B07.asm
                  getchar   0x0005af    program     static C:\Users\MJZ\Documents\cs019_sw\CS019B07\CS019B07.asm
                  grn_off   0x000523    program     static C:\Users\MJZ\Documents\cs019_sw\CS019B07\CS019B07.asm
                   grn_on   0x00052e    program     static C:\Users\MJZ\Documents\cs019_sw\CS019B07\CS019B07.asm
                 high_spd   0x0003fa    program     static C:\Users\MJZ\Documents\cs019_sw\CS019B07\CS019B07.asm
                high_spd1   0x000371    program     static C:\Users\MJZ\Documents\cs019_sw\CS019B07\CS019B07.asm
                 i_second   0x00006f    program     static C:\Users\MJZ\Documents\cs019_sw\CS019B07\CS019B07.asm
                     idle   0x000047    program     static C:\Users\MJZ\Documents\cs019_sw\CS019B07\CS019B07.asm
             inc_bot_by_8   0x0001da    program     static C:\Users\MJZ\Documents\cs019_sw\CS019B07\CS019B07.asm
             inc_top_by_8   0x0001bf    program     static C:\Users\MJZ\Documents\cs019_sw\CS019B07\CS019B07.asm
           init_bat_level   0x000505    program     static C:\Users\MJZ\Documents\cs019_sw\CS019B07\CS019B07.asm
         init_enable_feed   0x0002d8    program     static C:\Users\MJZ\Documents\cs019_sw\CS019B07\CS019B07.asm
            init_feed_pwm   0x0002c8    program     static C:\Users\MJZ\Documents\cs019_sw\CS019B07\CS019B07.asm
            init_feed_xit   0x0002e0    program     static C:\Users\MJZ\Documents\cs019_sw\CS019B07\CS019B07.asm
              init_pl_com   0x000514    program     static C:\Users\MJZ\Documents\cs019_sw\CS019B07\CS019B07.asm
         init_update_feed   0x0002de    program     static C:\Users\MJZ\Documents\cs019_sw\CS019B07\CS019B07.asm
            linesw_change   0x0005fb    program     static C:\Users\MJZ\Documents\cs019_sw\CS019B07\CS019B07.asm
         linesw_no_change   0x0005f2    program     static C:\Users\MJZ\Documents\cs019_sw\CS019B07\CS019B07.asm
        linesw_toggle_clr   0x00060b    program     static C:\Users\MJZ\Documents\cs019_sw\CS019B07\CS019B07.asm
       linesw_toggle_init   0x000605    program     static C:\Users\MJZ\Documents\cs019_sw\CS019B07\CS019B07.asm
        linesw_toggle_set   0x000608    program     static C:\Users\MJZ\Documents\cs019_sw\CS019B07\CS019B07.asm
                     main   0x000010    program     static C:\Users\MJZ\Documents\cs019_sw\CS019B07\CS019B07.asm
                moterr_lp   0x0004c0    program     static C:\Users\MJZ\Documents\cs019_sw\CS019B07\CS019B07.asm
              motor_error   0x0004b9    program     static C:\Users\MJZ\Documents\cs019_sw\CS019B07\CS019B07.asm
                  mult_lp   0x000575    program     static C:\Users\MJZ\Documents\cs019_sw\CS019B07\CS019B07.asm
                 mult_lp1   0x00058c    program     static C:\Users\MJZ\Documents\cs019_sw\CS019B07\CS019B07.asm
               mult_ret_0   0x000583    program     static C:\Users\MJZ\Documents\cs019_sw\CS019B07\CS019B07.asm
                 mult_sub   0x00056d    program     static C:\Users\MJZ\Documents\cs019_sw\CS019B07\CS019B07.asm
                mult_sub1   0x000584    program     static C:\Users\MJZ\Documents\cs019_sw\CS019B07\CS019B07.asm
            no_bat_adjust   0x00054c    program     static C:\Users\MJZ\Documents\cs019_sw\CS019B07\CS019B07.asm
              no_blocking   0x0005c9    program     static C:\Users\MJZ\Documents\cs019_sw\CS019B07\CS019B07.asm
           no_remote_feed   0x0001ee    program     static C:\Users\MJZ\Documents\cs019_sw\CS019B07\CS019B07.asm
                  no_spin   0x000443    program     static C:\Users\MJZ\Documents\cs019_sw\CS019B07\CS019B07.asm
                 no_spin1   0x0003bb    program     static C:\Users\MJZ\Documents\cs019_sw\CS019B07\CS019B07.asm
         normal_feed_rate   0x000618    program     static C:\Users\MJZ\Documents\cs019_sw\CS019B07\CS019B07.asm
               not_second   0x000064    program     static C:\Users\MJZ\Documents\cs019_sw\CS019B07\CS019B07.asm
            npwr_on_reset   0x000162    program     static C:\Users\MJZ\Documents\cs019_sw\CS019B07\CS019B07.asm
                   over1v   0x0001fb    program     static C:\Users\MJZ\Documents\cs019_sw\CS019B07\CS019B07.asm
                 over2_5v   0x000528    program     static C:\Users\MJZ\Documents\cs019_sw\CS019B07\CS019B07.asm
                 over2_6v   0x00052b    program     static C:\Users\MJZ\Documents\cs019_sw\CS019B07\CS019B07.asm
               over_pt4_v   0x0002d5    program     static C:\Users\MJZ\Documents\cs019_sw\CS019B07\CS019B07.asm
                    pause   0x0004df    program     static C:\Users\MJZ\Documents\cs019_sw\CS019B07\CS019B07.asm
                   pl_com   0x000546    program     static C:\Users\MJZ\Documents\cs019_sw\CS019B07\CS019B07.asm
             power_is_off   0x000446    program     static C:\Users\MJZ\Documents\cs019_sw\CS019B07\CS019B07.asm
                  putchar   0x0005b9    program     static C:\Users\MJZ\Documents\cs019_sw\CS019B07\CS019B07.asm
             pwr_off_loop   0x00048c    program     static C:\Users\MJZ\Documents\cs019_sw\CS019B07\CS019B07.asm
               pwr_off_lp   0x000493    program     static C:\Users\MJZ\Documents\cs019_sw\CS019B07\CS019B07.asm
             pwr_on_reset   0x000166    program     static C:\Users\MJZ\Documents\cs019_sw\CS019B07\CS019B07.asm
                  rbif_lp   0x0004ae    program     static C:\Users\MJZ\Documents\cs019_sw\CS019B07\CS019B07.asm
         record_bat_level   0x000537    program     static C:\Users\MJZ\Documents\cs019_sw\CS019B07\CS019B07.asm
               remote_off   0x000317    program     static C:\Users\MJZ\Documents\cs019_sw\CS019B07\CS019B07.asm
       restrict_feed_rate   0x00061b    program     static C:\Users\MJZ\Documents\cs019_sw\CS019B07\CS019B07.asm
                 sec0init   0x000110    program     static C:\Users\MJZ\Documents\cs019_sw\CS019B07\CS019B07.asm
                  set_bot   0x0001e5    program     static C:\Users\MJZ\Documents\cs019_sw\CS019B07\CS019B07.asm
            set_pwm_value   0x0002c5    program     static C:\Users\MJZ\Documents\cs019_sw\CS019B07\CS019B07.asm
         set_remote_block   0x0005d7    program     static C:\Users\MJZ\Documents\cs019_sw\CS019B07\CS019B07.asm
                  set_top   0x0001ca    program     static C:\Users\MJZ\Documents\cs019_sw\CS019B07\CS019B07.asm
                 slow_spd   0x0003b6    program     static C:\Users\MJZ\Documents\cs019_sw\CS019B07\CS019B07.asm
                slow_spd1   0x00043e    program     static C:\Users\MJZ\Documents\cs019_sw\CS019B07\CS019B07.asm
               sweep_exit   0x0002f4    program     static C:\Users\MJZ\Documents\cs019_sw\CS019B07\CS019B07.asm
              sweep_exit1   0x0002f4    program     static C:\Users\MJZ\Documents\cs019_sw\CS019B07\CS019B07.asm
                sweep_off   0x0002f0    program     static C:\Users\MJZ\Documents\cs019_sw\CS019B07\CS019B07.asm
                 sweep_on   0x0002e9    program     static C:\Users\MJZ\Documents\cs019_sw\CS019B07\CS019B07.asm
             sweep_remote   0x0002f5    program     static C:\Users\MJZ\Documents\cs019_sw\CS019B07\CS019B07.asm
            sweep_toggled   0x0005db    program     static C:\Users\MJZ\Documents\cs019_sw\CS019B07\CS019B07.asm
                    tick0   0x00016c    program     static C:\Users\MJZ\Documents\cs019_sw\CS019B07\CS019B07.asm
                    tick1   0x000179    program     static C:\Users\MJZ\Documents\cs019_sw\CS019B07\CS019B07.asm
                    tick2   0x000187    program     static C:\Users\MJZ\Documents\cs019_sw\CS019B07\CS019B07.asm
                    tick3   0x00018c    program     static C:\Users\MJZ\Documents\cs019_sw\CS019B07\CS019B07.asm
                    tick4   0x0001a2    program     static C:\Users\MJZ\Documents\cs019_sw\CS019B07\CS019B07.asm
                    tick5   0x0001a8    program     static C:\Users\MJZ\Documents\cs019_sw\CS019B07\CS019B07.asm
                    tick6   0x0001ab    program     static C:\Users\MJZ\Documents\cs019_sw\CS019B07\CS019B07.asm
                    tick7   0x0001ae    program     static C:\Users\MJZ\Documents\cs019_sw\CS019B07\CS019B07.asm
         toggle_green_led   0x00061e    program     static C:\Users\MJZ\Documents\cs019_sw\CS019B07\CS019B07.asm
           toggle_red_led   0x000621    program     static C:\Users\MJZ\Documents\cs019_sw\CS019B07\CS019B07.asm
           top_not_inited   0x000624    program     static C:\Users\MJZ\Documents\cs019_sw\CS019B07\CS019B07.asm
                  ts_com1   0x0003b7    program     static C:\Users\MJZ\Documents\cs019_sw\CS019B07\CS019B07.asm
                under2_5v   0x00051e    program     static C:\Users\MJZ\Documents\cs019_sw\CS019B07\CS019B07.asm
                 upd_exit   0x0001cc    program     static C:\Users\MJZ\Documents\cs019_sw\CS019B07\CS019B07.asm
           update_bat_led   0x000516    program     static C:\Users\MJZ\Documents\cs019_sw\CS019B07\CS019B07.asm
           update_bot_pwm   0x0001cd    program     static C:\Users\MJZ\Documents\cs019_sw\CS019B07\CS019B07.asm
              update_done   0x0001e7    program     static C:\Users\MJZ\Documents\cs019_sw\CS019B07\CS019B07.asm
              update_feed   0x000207    program     static C:\Users\MJZ\Documents\cs019_sw\CS019B07\CS019B07.asm
          update_feed_pwm   0x0001e8    program     static C:\Users\MJZ\Documents\cs019_sw\CS019B07\CS019B07.asm
            update_remote   0x0002f8    program     static C:\Users\MJZ\Documents\cs019_sw\CS019B07\CS019B07.asm
             update_rmxit   0x000316    program     static C:\Users\MJZ\Documents\cs019_sw\CS019B07\CS019B07.asm
             update_sweep   0x0002e1    program     static C:\Users\MJZ\Documents\cs019_sw\CS019B07\CS019B07.asm
           update_top_pwm   0x0001b2    program     static C:\Users\MJZ\Documents\cs019_sw\CS019B07\CS019B07.asm
            usart_disable   0x0005a3    program     static C:\Users\MJZ\Documents\cs019_sw\CS019B07\CS019B07.asm
             usart_enable   0x00059a    program     static C:\Users\MJZ\Documents\cs019_sw\CS019B07\CS019B07.asm
                usart_off   0x0005a9    program     static C:\Users\MJZ\Documents\cs019_sw\CS019B07\CS019B07.asm
                     wait   0x0004ee    program     static C:\Users\MJZ\Documents\cs019_sw\CS019B07\CS019B07.asm
           wait_no_clrwdt   0x0004fa    program     static C:\Users\MJZ\Documents\cs019_sw\CS019B07\CS019B07.asm
            wait_reset_lp   0x00045a    program     static C:\Users\MJZ\Documents\cs019_sw\CS019B07\CS019B07.asm
                   waitlp   0x0004ef    program     static C:\Users\MJZ\Documents\cs019_sw\CS019B07\CS019B07.asm
                  waitlp1   0x0004fb    program     static C:\Users\MJZ\Documents\cs019_sw\CS019B07\CS019B07.asm
              xmit_status   0x0005b5    program     static C:\Users\MJZ\Documents\cs019_sw\CS019B07\CS019B07.asm



                              Symbols - Sorted by Address
                     Name    Address   Location    Storage File                     
                ---------  ---------  ---------  --------- ---------                
                     main   0x000010    program     static C:\Users\MJZ\Documents\cs019_sw\CS019B07\CS019B07.asm
                   at0sec   0x000046    program     static C:\Users\MJZ\Documents\cs019_sw\CS019B07\CS019B07.asm
                     idle   0x000047    program     static C:\Users\MJZ\Documents\cs019_sw\CS019B07\CS019B07.asm
               not_second   0x000064    program     static C:\Users\MJZ\Documents\cs019_sw\CS019B07\CS019B07.asm
                 i_second   0x00006f    program     static C:\Users\MJZ\Documents\cs019_sw\CS019B07\CS019B07.asm
                   PwmInt   0x000083    program     static C:\Users\MJZ\Documents\cs019_sw\CS019B07\CS019B07.asm
                Highpulse   0x000086    program     static C:\Users\MJZ\Documents\cs019_sw\CS019B07\CS019B07.asm
              HighImpShrt   0x00008b    program     static C:\Users\MJZ\Documents\cs019_sw\CS019B07\CS019B07.asm
               HighImpInt   0x0000af    program     static C:\Users\MJZ\Documents\cs019_sw\CS019B07\CS019B07.asm
              HighImpInt2   0x0000b1    program     static C:\Users\MJZ\Documents\cs019_sw\CS019B07\CS019B07.asm
                 Lowpulse   0x0000b6    program     static C:\Users\MJZ\Documents\cs019_sw\CS019B07\CS019B07.asm
               LowImpShrt   0x0000ba    program     static C:\Users\MJZ\Documents\cs019_sw\CS019B07\CS019B07.asm
                LowImpInt   0x0000dd    program     static C:\Users\MJZ\Documents\cs019_sw\CS019B07\CS019B07.asm
               LowImpInt2   0x0000df    program     static C:\Users\MJZ\Documents\cs019_sw\CS019B07\CS019B07.asm
                   at1sec   0x0000e3    program     static C:\Users\MJZ\Documents\cs019_sw\CS019B07\CS019B07.asm
                   at3sec   0x0000fa    program     static C:\Users\MJZ\Documents\cs019_sw\CS019B07\CS019B07.asm
                   at2sec   0x0000fa    program     static C:\Users\MJZ\Documents\cs019_sw\CS019B07\CS019B07.asm
                   at4sec   0x0000fb    program     static C:\Users\MJZ\Documents\cs019_sw\CS019B07\CS019B07.asm
                   at5sec   0x0000fc    program     static C:\Users\MJZ\Documents\cs019_sw\CS019B07\CS019B07.asm
                   at6sec   0x000104    program     static C:\Users\MJZ\Documents\cs019_sw\CS019B07\CS019B07.asm
                   at7sec   0x000105    program     static C:\Users\MJZ\Documents\cs019_sw\CS019B07\CS019B07.asm
                   at8sec   0x000108    program     static C:\Users\MJZ\Documents\cs019_sw\CS019B07\CS019B07.asm
                   at9sec   0x000109    program     static C:\Users\MJZ\Documents\cs019_sw\CS019B07\CS019B07.asm
                  at10sec   0x000109    program     static C:\Users\MJZ\Documents\cs019_sw\CS019B07\CS019B07.asm
                  at11sec   0x000109    program     static C:\Users\MJZ\Documents\cs019_sw\CS019B07\CS019B07.asm
                  at12sec   0x00010a    program     static C:\Users\MJZ\Documents\cs019_sw\CS019B07\CS019B07.asm
                  at13sec   0x00010a    program     static C:\Users\MJZ\Documents\cs019_sw\CS019B07\CS019B07.asm
                  at14sec   0x00010b    program     static C:\Users\MJZ\Documents\cs019_sw\CS019B07\CS019B07.asm
                    atcom   0x00010c    program     static C:\Users\MJZ\Documents\cs019_sw\CS019B07\CS019B07.asm
                  at15sec   0x00010d    program     static C:\Users\MJZ\Documents\cs019_sw\CS019B07\CS019B07.asm
                 sec0init   0x000110    program     static C:\Users\MJZ\Documents\cs019_sw\CS019B07\CS019B07.asm
                  feed_ok   0x000145    program     static C:\Users\MJZ\Documents\cs019_sw\CS019B07\CS019B07.asm
            npwr_on_reset   0x000162    program     static C:\Users\MJZ\Documents\cs019_sw\CS019B07\CS019B07.asm
             pwr_on_reset   0x000166    program     static C:\Users\MJZ\Documents\cs019_sw\CS019B07\CS019B07.asm
                    tick0   0x00016c    program     static C:\Users\MJZ\Documents\cs019_sw\CS019B07\CS019B07.asm
                    tick1   0x000179    program     static C:\Users\MJZ\Documents\cs019_sw\CS019B07\CS019B07.asm
                    tick2   0x000187    program     static C:\Users\MJZ\Documents\cs019_sw\CS019B07\CS019B07.asm
                    tick3   0x00018c    program     static C:\Users\MJZ\Documents\cs019_sw\CS019B07\CS019B07.asm
       chk_feed_rate_type   0x000199    program     static C:\Users\MJZ\Documents\cs019_sw\CS019B07\CS019B07.asm
                 feed_ok1   0x0001a1    program     static C:\Users\MJZ\Documents\cs019_sw\CS019B07\CS019B07.asm
                    tick4   0x0001a2    program     static C:\Users\MJZ\Documents\cs019_sw\CS019B07\CS019B07.asm
                    tick5   0x0001a8    program     static C:\Users\MJZ\Documents\cs019_sw\CS019B07\CS019B07.asm
                    tick6   0x0001ab    program     static C:\Users\MJZ\Documents\cs019_sw\CS019B07\CS019B07.asm
                    tick7   0x0001ae    program     static C:\Users\MJZ\Documents\cs019_sw\CS019B07\CS019B07.asm
           update_top_pwm   0x0001b2    program     static C:\Users\MJZ\Documents\cs019_sw\CS019B07\CS019B07.asm
             inc_top_by_8   0x0001bf    program     static C:\Users\MJZ\Documents\cs019_sw\CS019B07\CS019B07.asm
                  dec_top   0x0001c2    program     static C:\Users\MJZ\Documents\cs019_sw\CS019B07\CS019B07.asm
             dec_top_by_8   0x0001c8    program     static C:\Users\MJZ\Documents\cs019_sw\CS019B07\CS019B07.asm
                  set_top   0x0001ca    program     static C:\Users\MJZ\Documents\cs019_sw\CS019B07\CS019B07.asm
                 upd_exit   0x0001cc    program     static C:\Users\MJZ\Documents\cs019_sw\CS019B07\CS019B07.asm
           update_bot_pwm   0x0001cd    program     static C:\Users\MJZ\Documents\cs019_sw\CS019B07\CS019B07.asm
             inc_bot_by_8   0x0001da    program     static C:\Users\MJZ\Documents\cs019_sw\CS019B07\CS019B07.asm
                  dec_bot   0x0001dd    program     static C:\Users\MJZ\Documents\cs019_sw\CS019B07\CS019B07.asm
             dec_bot_by_8   0x0001e3    program     static C:\Users\MJZ\Documents\cs019_sw\CS019B07\CS019B07.asm
                  set_bot   0x0001e5    program     static C:\Users\MJZ\Documents\cs019_sw\CS019B07\CS019B07.asm
              update_done   0x0001e7    program     static C:\Users\MJZ\Documents\cs019_sw\CS019B07\CS019B07.asm
          update_feed_pwm   0x0001e8    program     static C:\Users\MJZ\Documents\cs019_sw\CS019B07\CS019B07.asm
           no_remote_feed   0x0001ee    program     static C:\Users\MJZ\Documents\cs019_sw\CS019B07\CS019B07.asm
                 feed_off   0x0001f2    program     static C:\Users\MJZ\Documents\cs019_sw\CS019B07\CS019B07.asm
                   over1v   0x0001fb    program     static C:\Users\MJZ\Documents\cs019_sw\CS019B07\CS019B07.asm
              enable_feed   0x0001fe    program     static C:\Users\MJZ\Documents\cs019_sw\CS019B07\CS019B07.asm
              update_feed   0x000207    program     static C:\Users\MJZ\Documents\cs019_sw\CS019B07\CS019B07.asm
                calc_feed   0x000212    program     static C:\Users\MJZ\Documents\cs019_sw\CS019B07\CS019B07.asm
                 feed_0_2   0x000235    program     static C:\Users\MJZ\Documents\cs019_sw\CS019B07\CS019B07.asm
                 feed_2_4   0x000245    program     static C:\Users\MJZ\Documents\cs019_sw\CS019B07\CS019B07.asm
                 feed_4_6   0x000250    program     static C:\Users\MJZ\Documents\cs019_sw\CS019B07\CS019B07.asm
                 feed_6_8   0x000262    program     static C:\Users\MJZ\Documents\cs019_sw\CS019B07\CS019B07.asm
                feed_8_10   0x000280    program     static C:\Users\MJZ\Documents\cs019_sw\CS019B07\CS019B07.asm
               feed_10_12   0x00029e    program     static C:\Users\MJZ\Documents\cs019_sw\CS019B07\CS019B07.asm
              feed_12_off   0x0002b6    program     static C:\Users\MJZ\Documents\cs019_sw\CS019B07\CS019B07.asm
                 feed_end   0x0002b9    program     static C:\Users\MJZ\Documents\cs019_sw\CS019B07\CS019B07.asm
            set_pwm_value   0x0002c5    program     static C:\Users\MJZ\Documents\cs019_sw\CS019B07\CS019B07.asm
             chk_feed_xit   0x0002c7    program     static C:\Users\MJZ\Documents\cs019_sw\CS019B07\CS019B07.asm
            init_feed_pwm   0x0002c8    program     static C:\Users\MJZ\Documents\cs019_sw\CS019B07\CS019B07.asm
               over_pt4_v   0x0002d5    program     static C:\Users\MJZ\Documents\cs019_sw\CS019B07\CS019B07.asm
         init_enable_feed   0x0002d8    program     static C:\Users\MJZ\Documents\cs019_sw\CS019B07\CS019B07.asm
         init_update_feed   0x0002de    program     static C:\Users\MJZ\Documents\cs019_sw\CS019B07\CS019B07.asm
            init_feed_xit   0x0002e0    program     static C:\Users\MJZ\Documents\cs019_sw\CS019B07\CS019B07.asm
             update_sweep   0x0002e1    program     static C:\Users\MJZ\Documents\cs019_sw\CS019B07\CS019B07.asm
                 sweep_on   0x0002e9    program     static C:\Users\MJZ\Documents\cs019_sw\CS019B07\CS019B07.asm
                sweep_off   0x0002f0    program     static C:\Users\MJZ\Documents\cs019_sw\CS019B07\CS019B07.asm
              sweep_exit1   0x0002f4    program     static C:\Users\MJZ\Documents\cs019_sw\CS019B07\CS019B07.asm
               sweep_exit   0x0002f4    program     static C:\Users\MJZ\Documents\cs019_sw\CS019B07\CS019B07.asm
             sweep_remote   0x0002f5    program     static C:\Users\MJZ\Documents\cs019_sw\CS019B07\CS019B07.asm
            update_remote   0x0002f8    program     static C:\Users\MJZ\Documents\cs019_sw\CS019B07\CS019B07.asm
             update_rmxit   0x000316    program     static C:\Users\MJZ\Documents\cs019_sw\CS019B07\CS019B07.asm
               remote_off   0x000317    program     static C:\Users\MJZ\Documents\cs019_sw\CS019B07\CS019B07.asm
                  acq_a2d   0x00031a    program     static C:\Users\MJZ\Documents\cs019_sw\CS019B07\CS019B07.asm
                  delaylp   0x000327    program     static C:\Users\MJZ\Documents\cs019_sw\CS019B07\CS019B07.asm
                WaitNoInt   0x000329    program     static C:\Users\MJZ\Documents\cs019_sw\CS019B07\CS019B07.asm
                  WaitAdc   0x00032e    program     static C:\Users\MJZ\Documents\cs019_sw\CS019B07\CS019B07.asm
             calc_bot_pwm   0x000339    program     static C:\Users\MJZ\Documents\cs019_sw\CS019B07\CS019B07.asm
         adjust_backspin1   0x000355    program     static C:\Users\MJZ\Documents\cs019_sw\CS019B07\CS019B07.asm
                high_spd1   0x000371    program     static C:\Users\MJZ\Documents\cs019_sw\CS019B07\CS019B07.asm
               adjust_bs1   0x000389    program     static C:\Users\MJZ\Documents\cs019_sw\CS019B07\CS019B07.asm
          adjust_topspin1   0x000393    program     static C:\Users\MJZ\Documents\cs019_sw\CS019B07\CS019B07.asm
                 slow_spd   0x0003b6    program     static C:\Users\MJZ\Documents\cs019_sw\CS019B07\CS019B07.asm
                  ts_com1   0x0003b7    program     static C:\Users\MJZ\Documents\cs019_sw\CS019B07\CS019B07.asm
                 no_spin1   0x0003bb    program     static C:\Users\MJZ\Documents\cs019_sw\CS019B07\CS019B07.asm
             calc_top_pwm   0x0003c3    program     static C:\Users\MJZ\Documents\cs019_sw\CS019B07\CS019B07.asm
           adjust_topspin   0x0003de    program     static C:\Users\MJZ\Documents\cs019_sw\CS019B07\CS019B07.asm
                 high_spd   0x0003fa    program     static C:\Users\MJZ\Documents\cs019_sw\CS019B07\CS019B07.asm
                adjust_ts   0x000412    program     static C:\Users\MJZ\Documents\cs019_sw\CS019B07\CS019B07.asm
          adjust_backspin   0x000428    program     static C:\Users\MJZ\Documents\cs019_sw\CS019B07\CS019B07.asm
                slow_spd1   0x00043e    program     static C:\Users\MJZ\Documents\cs019_sw\CS019B07\CS019B07.asm
                   bs_com   0x00043f    program     static C:\Users\MJZ\Documents\cs019_sw\CS019B07\CS019B07.asm
                  no_spin   0x000443    program     static C:\Users\MJZ\Documents\cs019_sw\CS019B07\CS019B07.asm
             power_is_off   0x000446    program     static C:\Users\MJZ\Documents\cs019_sw\CS019B07\CS019B07.asm
            wait_reset_lp   0x00045a    program     static C:\Users\MJZ\Documents\cs019_sw\CS019B07\CS019B07.asm
             charg_lt_3_3   0x00045e    program     static C:\Users\MJZ\Documents\cs019_sw\CS019B07\CS019B07.asm
             charg_lt_3_2   0x00045f    program     static C:\Users\MJZ\Documents\cs019_sw\CS019B07\CS019B07.asm
                flash_grn   0x000460    program     static C:\Users\MJZ\Documents\cs019_sw\CS019B07\CS019B07.asm
                flash_red   0x000464    program     static C:\Users\MJZ\Documents\cs019_sw\CS019B07\CS019B07.asm
             charg_lt_3_0   0x000468    program     static C:\Users\MJZ\Documents\cs019_sw\CS019B07\CS019B07.asm
                flash_com   0x00046b    program     static C:\Users\MJZ\Documents\cs019_sw\CS019B07\CS019B07.asm
                fgrn_loop   0x00046d    program     static C:\Users\MJZ\Documents\cs019_sw\CS019B07\CS019B07.asm
                 chk_rbif   0x00047e    program     static C:\Users\MJZ\Documents\cs019_sw\CS019B07\CS019B07.asm
             pwr_off_loop   0x00048c    program     static C:\Users\MJZ\Documents\cs019_sw\CS019B07\CS019B07.asm
               pwr_off_lp   0x000493    program     static C:\Users\MJZ\Documents\cs019_sw\CS019B07\CS019B07.asm
                chk_rbif3   0x000494    program     static C:\Users\MJZ\Documents\cs019_sw\CS019B07\CS019B07.asm
                chk_rbif2   0x000495    program     static C:\Users\MJZ\Documents\cs019_sw\CS019B07\CS019B07.asm
                chk_rbif1   0x0004a5    program     static C:\Users\MJZ\Documents\cs019_sw\CS019B07\CS019B07.asm
                  rbif_lp   0x0004ae    program     static C:\Users\MJZ\Documents\cs019_sw\CS019B07\CS019B07.asm
              motor_error   0x0004b9    program     static C:\Users\MJZ\Documents\cs019_sw\CS019B07\CS019B07.asm
                moterr_lp   0x0004c0    program     static C:\Users\MJZ\Documents\cs019_sw\CS019B07\CS019B07.asm
              flash_error   0x0004d2    program     static C:\Users\MJZ\Documents\cs019_sw\CS019B07\CS019B07.asm
           flash_greenled   0x0004d5    program     static C:\Users\MJZ\Documents\cs019_sw\CS019B07\CS019B07.asm
                    pause   0x0004df    program     static C:\Users\MJZ\Documents\cs019_sw\CS019B07\CS019B07.asm
                 bat_dead   0x0004e4    program     static C:\Users\MJZ\Documents\cs019_sw\CS019B07\CS019B07.asm
            bat_dead_loop   0x0004eb    program     static C:\Users\MJZ\Documents\cs019_sw\CS019B07\CS019B07.asm
                     wait   0x0004ee    program     static C:\Users\MJZ\Documents\cs019_sw\CS019B07\CS019B07.asm
                   waitlp   0x0004ef    program     static C:\Users\MJZ\Documents\cs019_sw\CS019B07\CS019B07.asm
           wait_no_clrwdt   0x0004fa    program     static C:\Users\MJZ\Documents\cs019_sw\CS019B07\CS019B07.asm
                  waitlp1   0x0004fb    program     static C:\Users\MJZ\Documents\cs019_sw\CS019B07\CS019B07.asm
           init_bat_level   0x000505    program     static C:\Users\MJZ\Documents\cs019_sw\CS019B07\CS019B07.asm
              init_pl_com   0x000514    program     static C:\Users\MJZ\Documents\cs019_sw\CS019B07\CS019B07.asm
           update_bat_led   0x000516    program     static C:\Users\MJZ\Documents\cs019_sw\CS019B07\CS019B07.asm
                under2_5v   0x00051e    program     static C:\Users\MJZ\Documents\cs019_sw\CS019B07\CS019B07.asm
        between_2.4v_2.5v   0x000520    program     static C:\Users\MJZ\Documents\cs019_sw\CS019B07\CS019B07.asm
                  grn_off   0x000523    program     static C:\Users\MJZ\Documents\cs019_sw\CS019B07\CS019B07.asm
                 over2_5v   0x000528    program     static C:\Users\MJZ\Documents\cs019_sw\CS019B07\CS019B07.asm
                 over2_6v   0x00052b    program     static C:\Users\MJZ\Documents\cs019_sw\CS019B07\CS019B07.asm
                   grn_on   0x00052e    program     static C:\Users\MJZ\Documents\cs019_sw\CS019B07\CS019B07.asm
              bat_led_xit   0x000532    program     static C:\Users\MJZ\Documents\cs019_sw\CS019B07\CS019B07.asm
         record_bat_level   0x000537    program     static C:\Users\MJZ\Documents\cs019_sw\CS019B07\CS019B07.asm
                   pl_com   0x000546    program     static C:\Users\MJZ\Documents\cs019_sw\CS019B07\CS019B07.asm
            no_bat_adjust   0x00054c    program     static C:\Users\MJZ\Documents\cs019_sw\CS019B07\CS019B07.asm
                debug_led   0x00054d    program     static C:\Users\MJZ\Documents\cs019_sw\CS019B07\CS019B07.asm
                 mult_sub   0x00056d    program     static C:\Users\MJZ\Documents\cs019_sw\CS019B07\CS019B07.asm
                  mult_lp   0x000575    program     static C:\Users\MJZ\Documents\cs019_sw\CS019B07\CS019B07.asm
               mult_ret_0   0x000583    program     static C:\Users\MJZ\Documents\cs019_sw\CS019B07\CS019B07.asm
                mult_sub1   0x000584    program     static C:\Users\MJZ\Documents\cs019_sw\CS019B07\CS019B07.asm
                 mult_lp1   0x00058c    program     static C:\Users\MJZ\Documents\cs019_sw\CS019B07\CS019B07.asm
             usart_enable   0x00059a    program     static C:\Users\MJZ\Documents\cs019_sw\CS019B07\CS019B07.asm
            usart_disable   0x0005a3    program     static C:\Users\MJZ\Documents\cs019_sw\CS019B07\CS019B07.asm
                usart_off   0x0005a9    program     static C:\Users\MJZ\Documents\cs019_sw\CS019B07\CS019B07.asm
                  getchar   0x0005af    program     static C:\Users\MJZ\Documents\cs019_sw\CS019B07\CS019B07.asm
              xmit_status   0x0005b5    program     static C:\Users\MJZ\Documents\cs019_sw\CS019B07\CS019B07.asm
                  putchar   0x0005b9    program     static C:\Users\MJZ\Documents\cs019_sw\CS019B07\CS019B07.asm
               chk_remote   0x0005bb    program     static C:\Users\MJZ\Documents\cs019_sw\CS019B07\CS019B07.asm
              no_blocking   0x0005c9    program     static C:\Users\MJZ\Documents\cs019_sw\CS019B07\CS019B07.asm
         set_remote_block   0x0005d7    program     static C:\Users\MJZ\Documents\cs019_sw\CS019B07\CS019B07.asm
            sweep_toggled   0x0005db    program     static C:\Users\MJZ\Documents\cs019_sw\CS019B07\CS019B07.asm
             feed_toggled   0x0005e0    program     static C:\Users\MJZ\Documents\cs019_sw\CS019B07\CS019B07.asm
              chk_2linesw   0x0005e5    program     static C:\Users\MJZ\Documents\cs019_sw\CS019B07\CS019B07.asm
         linesw_no_change   0x0005f2    program     static C:\Users\MJZ\Documents\cs019_sw\CS019B07\CS019B07.asm
            linesw_change   0x0005fb    program     static C:\Users\MJZ\Documents\cs019_sw\CS019B07\CS019B07.asm
       linesw_toggle_init   0x000605    program     static C:\Users\MJZ\Documents\cs019_sw\CS019B07\CS019B07.asm
        linesw_toggle_set   0x000608    program     static C:\Users\MJZ\Documents\cs019_sw\CS019B07\CS019B07.asm
        linesw_toggle_clr   0x00060b    program     static C:\Users\MJZ\Documents\cs019_sw\CS019B07\CS019B07.asm
                 chk_intf   0x00060d    program     static C:\Users\MJZ\Documents\cs019_sw\CS019B07\CS019B07.asm
             ball_dropped   0x000615    program     static C:\Users\MJZ\Documents\cs019_sw\CS019B07\CS019B07.asm
         normal_feed_rate   0x000618    program     static C:\Users\MJZ\Documents\cs019_sw\CS019B07\CS019B07.asm
       restrict_feed_rate   0x00061b    program     static C:\Users\MJZ\Documents\cs019_sw\CS019B07\CS019B07.asm
         toggle_green_led   0x00061e    program     static C:\Users\MJZ\Documents\cs019_sw\CS019B07\CS019B07.asm
           toggle_red_led   0x000621    program     static C:\Users\MJZ\Documents\cs019_sw\CS019B07\CS019B07.asm
           top_not_inited   0x000624    program     static C:\Users\MJZ\Documents\cs019_sw\CS019B07\CS019B07.asm
           bot_not_inited   0x000627    program     static C:\Users\MJZ\Documents\cs019_sw\CS019B07\CS019B07.asm


