MPLINK 4.37, Linker
Linker Map File - Created Sat Jan 26 14:53:44 2013

                                 Section Info
                  Section       Type    Address   Location Size(Bytes)
                ---------  ---------  ---------  ---------  ---------
                   .org_0       code   0x000000    program   0x000000
                   .org_1       code   0x000000    program   0x000004
                   .org_2       code   0x000004    program   0x000c58
  .config_2007_CS019B06.O       code   0x002007    program   0x000002



                              Program Memory Usage 
                               Start         End      
                           ---------   ---------      
                            0x000000    0x000001      
                            0x000004    0x00062f      
                            0x002007    0x002007      
            1583 out of 4101 program addresses used, program memory utilization is 38%



                              Symbols - Sorted by Name
                     Name    Address   Location    Storage File                     
                ---------  ---------  ---------  --------- ---------                
               HighImpInt   0x0000af    program     static C:\Users\MJZ\Documents\cs019_sw\CS019B06\CS019B06.asm
              HighImpInt2   0x0000b1    program     static C:\Users\MJZ\Documents\cs019_sw\CS019B06\CS019B06.asm
              HighImpShrt   0x00008b    program     static C:\Users\MJZ\Documents\cs019_sw\CS019B06\CS019B06.asm
                Highpulse   0x000086    program     static C:\Users\MJZ\Documents\cs019_sw\CS019B06\CS019B06.asm
                LowImpInt   0x0000dd    program     static C:\Users\MJZ\Documents\cs019_sw\CS019B06\CS019B06.asm
               LowImpInt2   0x0000df    program     static C:\Users\MJZ\Documents\cs019_sw\CS019B06\CS019B06.asm
               LowImpShrt   0x0000ba    program     static C:\Users\MJZ\Documents\cs019_sw\CS019B06\CS019B06.asm
                 Lowpulse   0x0000b6    program     static C:\Users\MJZ\Documents\cs019_sw\CS019B06\CS019B06.asm
                   PwmInt   0x000083    program     static C:\Users\MJZ\Documents\cs019_sw\CS019B06\CS019B06.asm
                  WaitAdc   0x000334    program     static C:\Users\MJZ\Documents\cs019_sw\CS019B06\CS019B06.asm
                WaitNoInt   0x00032f    program     static C:\Users\MJZ\Documents\cs019_sw\CS019B06\CS019B06.asm
                  acq_a2d   0x000320    program     static C:\Users\MJZ\Documents\cs019_sw\CS019B06\CS019B06.asm
          adjust_backspin   0x00042e    program     static C:\Users\MJZ\Documents\cs019_sw\CS019B06\CS019B06.asm
         adjust_backspin1   0x00035b    program     static C:\Users\MJZ\Documents\cs019_sw\CS019B06\CS019B06.asm
               adjust_bs1   0x00038f    program     static C:\Users\MJZ\Documents\cs019_sw\CS019B06\CS019B06.asm
           adjust_topspin   0x0003e4    program     static C:\Users\MJZ\Documents\cs019_sw\CS019B06\CS019B06.asm
          adjust_topspin1   0x000399    program     static C:\Users\MJZ\Documents\cs019_sw\CS019B06\CS019B06.asm
                adjust_ts   0x000418    program     static C:\Users\MJZ\Documents\cs019_sw\CS019B06\CS019B06.asm
                   at0sec   0x000046    program     static C:\Users\MJZ\Documents\cs019_sw\CS019B06\CS019B06.asm
                  at10sec   0x000109    program     static C:\Users\MJZ\Documents\cs019_sw\CS019B06\CS019B06.asm
                  at11sec   0x000109    program     static C:\Users\MJZ\Documents\cs019_sw\CS019B06\CS019B06.asm
                  at12sec   0x00010a    program     static C:\Users\MJZ\Documents\cs019_sw\CS019B06\CS019B06.asm
                  at13sec   0x00010a    program     static C:\Users\MJZ\Documents\cs019_sw\CS019B06\CS019B06.asm
                  at14sec   0x00010b    program     static C:\Users\MJZ\Documents\cs019_sw\CS019B06\CS019B06.asm
                  at15sec   0x00010d    program     static C:\Users\MJZ\Documents\cs019_sw\CS019B06\CS019B06.asm
                   at1sec   0x0000e3    program     static C:\Users\MJZ\Documents\cs019_sw\CS019B06\CS019B06.asm
                   at2sec   0x0000fa    program     static C:\Users\MJZ\Documents\cs019_sw\CS019B06\CS019B06.asm
                   at3sec   0x0000fa    program     static C:\Users\MJZ\Documents\cs019_sw\CS019B06\CS019B06.asm
                   at4sec   0x0000fb    program     static C:\Users\MJZ\Documents\cs019_sw\CS019B06\CS019B06.asm
                   at5sec   0x0000fc    program     static C:\Users\MJZ\Documents\cs019_sw\CS019B06\CS019B06.asm
                   at6sec   0x000104    program     static C:\Users\MJZ\Documents\cs019_sw\CS019B06\CS019B06.asm
                   at7sec   0x000105    program     static C:\Users\MJZ\Documents\cs019_sw\CS019B06\CS019B06.asm
                   at8sec   0x000108    program     static C:\Users\MJZ\Documents\cs019_sw\CS019B06\CS019B06.asm
                   at9sec   0x000109    program     static C:\Users\MJZ\Documents\cs019_sw\CS019B06\CS019B06.asm
                    atcom   0x00010c    program     static C:\Users\MJZ\Documents\cs019_sw\CS019B06\CS019B06.asm
             ball_dropped   0x00061b    program     static C:\Users\MJZ\Documents\cs019_sw\CS019B06\CS019B06.asm
                 bat_dead   0x0004ea    program     static C:\Users\MJZ\Documents\cs019_sw\CS019B06\CS019B06.asm
            bat_dead_loop   0x0004f1    program     static C:\Users\MJZ\Documents\cs019_sw\CS019B06\CS019B06.asm
              bat_led_xit   0x000538    program     static C:\Users\MJZ\Documents\cs019_sw\CS019B06\CS019B06.asm
        between_2.4v_2.5v   0x000526    program     static C:\Users\MJZ\Documents\cs019_sw\CS019B06\CS019B06.asm
           bot_not_inited   0x00062d    program     static C:\Users\MJZ\Documents\cs019_sw\CS019B06\CS019B06.asm
                   bs_com   0x000445    program     static C:\Users\MJZ\Documents\cs019_sw\CS019B06\CS019B06.asm
             calc_bot_pwm   0x00033f    program     static C:\Users\MJZ\Documents\cs019_sw\CS019B06\CS019B06.asm
                calc_feed   0x000212    program     static C:\Users\MJZ\Documents\cs019_sw\CS019B06\CS019B06.asm
             calc_top_pwm   0x0003c9    program     static C:\Users\MJZ\Documents\cs019_sw\CS019B06\CS019B06.asm
             charg_lt_3_0   0x00046e    program     static C:\Users\MJZ\Documents\cs019_sw\CS019B06\CS019B06.asm
             charg_lt_3_2   0x000465    program     static C:\Users\MJZ\Documents\cs019_sw\CS019B06\CS019B06.asm
             charg_lt_3_3   0x000464    program     static C:\Users\MJZ\Documents\cs019_sw\CS019B06\CS019B06.asm
              chk_2linesw   0x0005eb    program     static C:\Users\MJZ\Documents\cs019_sw\CS019B06\CS019B06.asm
       chk_feed_rate_type   0x000199    program     static C:\Users\MJZ\Documents\cs019_sw\CS019B06\CS019B06.asm
             chk_feed_xit   0x0002cd    program     static C:\Users\MJZ\Documents\cs019_sw\CS019B06\CS019B06.asm
                 chk_intf   0x000613    program     static C:\Users\MJZ\Documents\cs019_sw\CS019B06\CS019B06.asm
                 chk_rbif   0x000484    program     static C:\Users\MJZ\Documents\cs019_sw\CS019B06\CS019B06.asm
                chk_rbif1   0x0004ab    program     static C:\Users\MJZ\Documents\cs019_sw\CS019B06\CS019B06.asm
                chk_rbif2   0x00049b    program     static C:\Users\MJZ\Documents\cs019_sw\CS019B06\CS019B06.asm
                chk_rbif3   0x00049a    program     static C:\Users\MJZ\Documents\cs019_sw\CS019B06\CS019B06.asm
               chk_remote   0x0005c1    program     static C:\Users\MJZ\Documents\cs019_sw\CS019B06\CS019B06.asm
                debug_led   0x000553    program     static C:\Users\MJZ\Documents\cs019_sw\CS019B06\CS019B06.asm
                  dec_bot   0x0001dd    program     static C:\Users\MJZ\Documents\cs019_sw\CS019B06\CS019B06.asm
             dec_bot_by_8   0x0001e3    program     static C:\Users\MJZ\Documents\cs019_sw\CS019B06\CS019B06.asm
                  dec_top   0x0001c2    program     static C:\Users\MJZ\Documents\cs019_sw\CS019B06\CS019B06.asm
             dec_top_by_8   0x0001c8    program     static C:\Users\MJZ\Documents\cs019_sw\CS019B06\CS019B06.asm
                  delaylp   0x00032d    program     static C:\Users\MJZ\Documents\cs019_sw\CS019B06\CS019B06.asm
              enable_feed   0x0001fe    program     static C:\Users\MJZ\Documents\cs019_sw\CS019B06\CS019B06.asm
                 feed_0_2   0x000235    program     static C:\Users\MJZ\Documents\cs019_sw\CS019B06\CS019B06.asm
               feed_10_12   0x00029e    program     static C:\Users\MJZ\Documents\cs019_sw\CS019B06\CS019B06.asm
              feed_12_off   0x0002bc    program     static C:\Users\MJZ\Documents\cs019_sw\CS019B06\CS019B06.asm
                 feed_2_4   0x000245    program     static C:\Users\MJZ\Documents\cs019_sw\CS019B06\CS019B06.asm
                 feed_4_6   0x000250    program     static C:\Users\MJZ\Documents\cs019_sw\CS019B06\CS019B06.asm
                 feed_6_8   0x000262    program     static C:\Users\MJZ\Documents\cs019_sw\CS019B06\CS019B06.asm
                feed_8_10   0x000280    program     static C:\Users\MJZ\Documents\cs019_sw\CS019B06\CS019B06.asm
                 feed_end   0x0002bf    program     static C:\Users\MJZ\Documents\cs019_sw\CS019B06\CS019B06.asm
                 feed_off   0x0001f2    program     static C:\Users\MJZ\Documents\cs019_sw\CS019B06\CS019B06.asm
                  feed_ok   0x000145    program     static C:\Users\MJZ\Documents\cs019_sw\CS019B06\CS019B06.asm
                 feed_ok1   0x0001a1    program     static C:\Users\MJZ\Documents\cs019_sw\CS019B06\CS019B06.asm
             feed_toggled   0x0005e6    program     static C:\Users\MJZ\Documents\cs019_sw\CS019B06\CS019B06.asm
                fgrn_loop   0x000473    program     static C:\Users\MJZ\Documents\cs019_sw\CS019B06\CS019B06.asm
                flash_com   0x000471    program     static C:\Users\MJZ\Documents\cs019_sw\CS019B06\CS019B06.asm
              flash_error   0x0004d8    program     static C:\Users\MJZ\Documents\cs019_sw\CS019B06\CS019B06.asm
           flash_greenled   0x0004db    program     static C:\Users\MJZ\Documents\cs019_sw\CS019B06\CS019B06.asm
                flash_grn   0x000466    program     static C:\Users\MJZ\Documents\cs019_sw\CS019B06\CS019B06.asm
                flash_red   0x00046a    program     static C:\Users\MJZ\Documents\cs019_sw\CS019B06\CS019B06.asm
                  getchar   0x0005b5    program     static C:\Users\MJZ\Documents\cs019_sw\CS019B06\CS019B06.asm
                  grn_off   0x000529    program     static C:\Users\MJZ\Documents\cs019_sw\CS019B06\CS019B06.asm
                   grn_on   0x000534    program     static C:\Users\MJZ\Documents\cs019_sw\CS019B06\CS019B06.asm
                 high_spd   0x000400    program     static C:\Users\MJZ\Documents\cs019_sw\CS019B06\CS019B06.asm
                high_spd1   0x000377    program     static C:\Users\MJZ\Documents\cs019_sw\CS019B06\CS019B06.asm
                 i_second   0x00006f    program     static C:\Users\MJZ\Documents\cs019_sw\CS019B06\CS019B06.asm
                     idle   0x000047    program     static C:\Users\MJZ\Documents\cs019_sw\CS019B06\CS019B06.asm
             inc_bot_by_8   0x0001da    program     static C:\Users\MJZ\Documents\cs019_sw\CS019B06\CS019B06.asm
             inc_top_by_8   0x0001bf    program     static C:\Users\MJZ\Documents\cs019_sw\CS019B06\CS019B06.asm
           init_bat_level   0x00050b    program     static C:\Users\MJZ\Documents\cs019_sw\CS019B06\CS019B06.asm
         init_enable_feed   0x0002de    program     static C:\Users\MJZ\Documents\cs019_sw\CS019B06\CS019B06.asm
            init_feed_pwm   0x0002ce    program     static C:\Users\MJZ\Documents\cs019_sw\CS019B06\CS019B06.asm
            init_feed_xit   0x0002e6    program     static C:\Users\MJZ\Documents\cs019_sw\CS019B06\CS019B06.asm
              init_pl_com   0x00051a    program     static C:\Users\MJZ\Documents\cs019_sw\CS019B06\CS019B06.asm
         init_update_feed   0x0002e4    program     static C:\Users\MJZ\Documents\cs019_sw\CS019B06\CS019B06.asm
            linesw_change   0x000601    program     static C:\Users\MJZ\Documents\cs019_sw\CS019B06\CS019B06.asm
         linesw_no_change   0x0005f8    program     static C:\Users\MJZ\Documents\cs019_sw\CS019B06\CS019B06.asm
        linesw_toggle_clr   0x000611    program     static C:\Users\MJZ\Documents\cs019_sw\CS019B06\CS019B06.asm
       linesw_toggle_init   0x00060b    program     static C:\Users\MJZ\Documents\cs019_sw\CS019B06\CS019B06.asm
        linesw_toggle_set   0x00060e    program     static C:\Users\MJZ\Documents\cs019_sw\CS019B06\CS019B06.asm
                     main   0x000010    program     static C:\Users\MJZ\Documents\cs019_sw\CS019B06\CS019B06.asm
                moterr_lp   0x0004c6    program     static C:\Users\MJZ\Documents\cs019_sw\CS019B06\CS019B06.asm
              motor_error   0x0004bf    program     static C:\Users\MJZ\Documents\cs019_sw\CS019B06\CS019B06.asm
                  mult_lp   0x00057b    program     static C:\Users\MJZ\Documents\cs019_sw\CS019B06\CS019B06.asm
                 mult_lp1   0x000592    program     static C:\Users\MJZ\Documents\cs019_sw\CS019B06\CS019B06.asm
               mult_ret_0   0x000589    program     static C:\Users\MJZ\Documents\cs019_sw\CS019B06\CS019B06.asm
                 mult_sub   0x000573    program     static C:\Users\MJZ\Documents\cs019_sw\CS019B06\CS019B06.asm
                mult_sub1   0x00058a    program     static C:\Users\MJZ\Documents\cs019_sw\CS019B06\CS019B06.asm
            no_bat_adjust   0x000552    program     static C:\Users\MJZ\Documents\cs019_sw\CS019B06\CS019B06.asm
              no_blocking   0x0005cf    program     static C:\Users\MJZ\Documents\cs019_sw\CS019B06\CS019B06.asm
           no_remote_feed   0x0001ee    program     static C:\Users\MJZ\Documents\cs019_sw\CS019B06\CS019B06.asm
                  no_spin   0x000449    program     static C:\Users\MJZ\Documents\cs019_sw\CS019B06\CS019B06.asm
                 no_spin1   0x0003c1    program     static C:\Users\MJZ\Documents\cs019_sw\CS019B06\CS019B06.asm
         normal_feed_rate   0x00061e    program     static C:\Users\MJZ\Documents\cs019_sw\CS019B06\CS019B06.asm
               not_second   0x000064    program     static C:\Users\MJZ\Documents\cs019_sw\CS019B06\CS019B06.asm
            npwr_on_reset   0x000162    program     static C:\Users\MJZ\Documents\cs019_sw\CS019B06\CS019B06.asm
                   over1v   0x0001fb    program     static C:\Users\MJZ\Documents\cs019_sw\CS019B06\CS019B06.asm
                 over2_5v   0x00052e    program     static C:\Users\MJZ\Documents\cs019_sw\CS019B06\CS019B06.asm
                 over2_6v   0x000531    program     static C:\Users\MJZ\Documents\cs019_sw\CS019B06\CS019B06.asm
               over_pt4_v   0x0002db    program     static C:\Users\MJZ\Documents\cs019_sw\CS019B06\CS019B06.asm
                    pause   0x0004e5    program     static C:\Users\MJZ\Documents\cs019_sw\CS019B06\CS019B06.asm
                   pl_com   0x00054c    program     static C:\Users\MJZ\Documents\cs019_sw\CS019B06\CS019B06.asm
             power_is_off   0x00044c    program     static C:\Users\MJZ\Documents\cs019_sw\CS019B06\CS019B06.asm
                  putchar   0x0005bf    program     static C:\Users\MJZ\Documents\cs019_sw\CS019B06\CS019B06.asm
             pwr_off_loop   0x000492    program     static C:\Users\MJZ\Documents\cs019_sw\CS019B06\CS019B06.asm
               pwr_off_lp   0x000499    program     static C:\Users\MJZ\Documents\cs019_sw\CS019B06\CS019B06.asm
             pwr_on_reset   0x000166    program     static C:\Users\MJZ\Documents\cs019_sw\CS019B06\CS019B06.asm
                  rbif_lp   0x0004b4    program     static C:\Users\MJZ\Documents\cs019_sw\CS019B06\CS019B06.asm
         record_bat_level   0x00053d    program     static C:\Users\MJZ\Documents\cs019_sw\CS019B06\CS019B06.asm
               remote_off   0x00031d    program     static C:\Users\MJZ\Documents\cs019_sw\CS019B06\CS019B06.asm
       restrict_feed_rate   0x000621    program     static C:\Users\MJZ\Documents\cs019_sw\CS019B06\CS019B06.asm
                 sec0init   0x000110    program     static C:\Users\MJZ\Documents\cs019_sw\CS019B06\CS019B06.asm
                  set_bot   0x0001e5    program     static C:\Users\MJZ\Documents\cs019_sw\CS019B06\CS019B06.asm
            set_pwm_value   0x0002cb    program     static C:\Users\MJZ\Documents\cs019_sw\CS019B06\CS019B06.asm
         set_remote_block   0x0005dd    program     static C:\Users\MJZ\Documents\cs019_sw\CS019B06\CS019B06.asm
                  set_top   0x0001ca    program     static C:\Users\MJZ\Documents\cs019_sw\CS019B06\CS019B06.asm
                 slow_spd   0x0003bc    program     static C:\Users\MJZ\Documents\cs019_sw\CS019B06\CS019B06.asm
                slow_spd1   0x000444    program     static C:\Users\MJZ\Documents\cs019_sw\CS019B06\CS019B06.asm
               sweep_exit   0x0002fa    program     static C:\Users\MJZ\Documents\cs019_sw\CS019B06\CS019B06.asm
              sweep_exit1   0x0002fa    program     static C:\Users\MJZ\Documents\cs019_sw\CS019B06\CS019B06.asm
                sweep_off   0x0002f6    program     static C:\Users\MJZ\Documents\cs019_sw\CS019B06\CS019B06.asm
                 sweep_on   0x0002ef    program     static C:\Users\MJZ\Documents\cs019_sw\CS019B06\CS019B06.asm
             sweep_remote   0x0002fb    program     static C:\Users\MJZ\Documents\cs019_sw\CS019B06\CS019B06.asm
            sweep_toggled   0x0005e1    program     static C:\Users\MJZ\Documents\cs019_sw\CS019B06\CS019B06.asm
                    tick0   0x00016c    program     static C:\Users\MJZ\Documents\cs019_sw\CS019B06\CS019B06.asm
                    tick1   0x000179    program     static C:\Users\MJZ\Documents\cs019_sw\CS019B06\CS019B06.asm
                    tick2   0x000187    program     static C:\Users\MJZ\Documents\cs019_sw\CS019B06\CS019B06.asm
                    tick3   0x00018c    program     static C:\Users\MJZ\Documents\cs019_sw\CS019B06\CS019B06.asm
                    tick4   0x0001a2    program     static C:\Users\MJZ\Documents\cs019_sw\CS019B06\CS019B06.asm
                    tick5   0x0001a8    program     static C:\Users\MJZ\Documents\cs019_sw\CS019B06\CS019B06.asm
                    tick6   0x0001ab    program     static C:\Users\MJZ\Documents\cs019_sw\CS019B06\CS019B06.asm
                    tick7   0x0001ae    program     static C:\Users\MJZ\Documents\cs019_sw\CS019B06\CS019B06.asm
         toggle_green_led   0x000624    program     static C:\Users\MJZ\Documents\cs019_sw\CS019B06\CS019B06.asm
           toggle_red_led   0x000627    program     static C:\Users\MJZ\Documents\cs019_sw\CS019B06\CS019B06.asm
           top_not_inited   0x00062a    program     static C:\Users\MJZ\Documents\cs019_sw\CS019B06\CS019B06.asm
                  ts_com1   0x0003bd    program     static C:\Users\MJZ\Documents\cs019_sw\CS019B06\CS019B06.asm
                under2_5v   0x000524    program     static C:\Users\MJZ\Documents\cs019_sw\CS019B06\CS019B06.asm
                 upd_exit   0x0001cc    program     static C:\Users\MJZ\Documents\cs019_sw\CS019B06\CS019B06.asm
           update_bat_led   0x00051c    program     static C:\Users\MJZ\Documents\cs019_sw\CS019B06\CS019B06.asm
           update_bot_pwm   0x0001cd    program     static C:\Users\MJZ\Documents\cs019_sw\CS019B06\CS019B06.asm
              update_done   0x0001e7    program     static C:\Users\MJZ\Documents\cs019_sw\CS019B06\CS019B06.asm
              update_feed   0x000207    program     static C:\Users\MJZ\Documents\cs019_sw\CS019B06\CS019B06.asm
          update_feed_pwm   0x0001e8    program     static C:\Users\MJZ\Documents\cs019_sw\CS019B06\CS019B06.asm
            update_remote   0x0002fe    program     static C:\Users\MJZ\Documents\cs019_sw\CS019B06\CS019B06.asm
             update_rmxit   0x00031c    program     static C:\Users\MJZ\Documents\cs019_sw\CS019B06\CS019B06.asm
             update_sweep   0x0002e7    program     static C:\Users\MJZ\Documents\cs019_sw\CS019B06\CS019B06.asm
           update_top_pwm   0x0001b2    program     static C:\Users\MJZ\Documents\cs019_sw\CS019B06\CS019B06.asm
            usart_disable   0x0005a9    program     static C:\Users\MJZ\Documents\cs019_sw\CS019B06\CS019B06.asm
             usart_enable   0x0005a0    program     static C:\Users\MJZ\Documents\cs019_sw\CS019B06\CS019B06.asm
                usart_off   0x0005af    program     static C:\Users\MJZ\Documents\cs019_sw\CS019B06\CS019B06.asm
                     wait   0x0004f4    program     static C:\Users\MJZ\Documents\cs019_sw\CS019B06\CS019B06.asm
           wait_no_clrwdt   0x000500    program     static C:\Users\MJZ\Documents\cs019_sw\CS019B06\CS019B06.asm
            wait_reset_lp   0x000460    program     static C:\Users\MJZ\Documents\cs019_sw\CS019B06\CS019B06.asm
                   waitlp   0x0004f5    program     static C:\Users\MJZ\Documents\cs019_sw\CS019B06\CS019B06.asm
                  waitlp1   0x000501    program     static C:\Users\MJZ\Documents\cs019_sw\CS019B06\CS019B06.asm
              xmit_status   0x0005bb    program     static C:\Users\MJZ\Documents\cs019_sw\CS019B06\CS019B06.asm



                              Symbols - Sorted by Address
                     Name    Address   Location    Storage File                     
                ---------  ---------  ---------  --------- ---------                
                     main   0x000010    program     static C:\Users\MJZ\Documents\cs019_sw\CS019B06\CS019B06.asm
                   at0sec   0x000046    program     static C:\Users\MJZ\Documents\cs019_sw\CS019B06\CS019B06.asm
                     idle   0x000047    program     static C:\Users\MJZ\Documents\cs019_sw\CS019B06\CS019B06.asm
               not_second   0x000064    program     static C:\Users\MJZ\Documents\cs019_sw\CS019B06\CS019B06.asm
                 i_second   0x00006f    program     static C:\Users\MJZ\Documents\cs019_sw\CS019B06\CS019B06.asm
                   PwmInt   0x000083    program     static C:\Users\MJZ\Documents\cs019_sw\CS019B06\CS019B06.asm
                Highpulse   0x000086    program     static C:\Users\MJZ\Documents\cs019_sw\CS019B06\CS019B06.asm
              HighImpShrt   0x00008b    program     static C:\Users\MJZ\Documents\cs019_sw\CS019B06\CS019B06.asm
               HighImpInt   0x0000af    program     static C:\Users\MJZ\Documents\cs019_sw\CS019B06\CS019B06.asm
              HighImpInt2   0x0000b1    program     static C:\Users\MJZ\Documents\cs019_sw\CS019B06\CS019B06.asm
                 Lowpulse   0x0000b6    program     static C:\Users\MJZ\Documents\cs019_sw\CS019B06\CS019B06.asm
               LowImpShrt   0x0000ba    program     static C:\Users\MJZ\Documents\cs019_sw\CS019B06\CS019B06.asm
                LowImpInt   0x0000dd    program     static C:\Users\MJZ\Documents\cs019_sw\CS019B06\CS019B06.asm
               LowImpInt2   0x0000df    program     static C:\Users\MJZ\Documents\cs019_sw\CS019B06\CS019B06.asm
                   at1sec   0x0000e3    program     static C:\Users\MJZ\Documents\cs019_sw\CS019B06\CS019B06.asm
                   at3sec   0x0000fa    program     static C:\Users\MJZ\Documents\cs019_sw\CS019B06\CS019B06.asm
                   at2sec   0x0000fa    program     static C:\Users\MJZ\Documents\cs019_sw\CS019B06\CS019B06.asm
                   at4sec   0x0000fb    program     static C:\Users\MJZ\Documents\cs019_sw\CS019B06\CS019B06.asm
                   at5sec   0x0000fc    program     static C:\Users\MJZ\Documents\cs019_sw\CS019B06\CS019B06.asm
                   at6sec   0x000104    program     static C:\Users\MJZ\Documents\cs019_sw\CS019B06\CS019B06.asm
                   at7sec   0x000105    program     static C:\Users\MJZ\Documents\cs019_sw\CS019B06\CS019B06.asm
                   at8sec   0x000108    program     static C:\Users\MJZ\Documents\cs019_sw\CS019B06\CS019B06.asm
                   at9sec   0x000109    program     static C:\Users\MJZ\Documents\cs019_sw\CS019B06\CS019B06.asm
                  at10sec   0x000109    program     static C:\Users\MJZ\Documents\cs019_sw\CS019B06\CS019B06.asm
                  at11sec   0x000109    program     static C:\Users\MJZ\Documents\cs019_sw\CS019B06\CS019B06.asm
                  at12sec   0x00010a    program     static C:\Users\MJZ\Documents\cs019_sw\CS019B06\CS019B06.asm
                  at13sec   0x00010a    program     static C:\Users\MJZ\Documents\cs019_sw\CS019B06\CS019B06.asm
                  at14sec   0x00010b    program     static C:\Users\MJZ\Documents\cs019_sw\CS019B06\CS019B06.asm
                    atcom   0x00010c    program     static C:\Users\MJZ\Documents\cs019_sw\CS019B06\CS019B06.asm
                  at15sec   0x00010d    program     static C:\Users\MJZ\Documents\cs019_sw\CS019B06\CS019B06.asm
                 sec0init   0x000110    program     static C:\Users\MJZ\Documents\cs019_sw\CS019B06\CS019B06.asm
                  feed_ok   0x000145    program     static C:\Users\MJZ\Documents\cs019_sw\CS019B06\CS019B06.asm
            npwr_on_reset   0x000162    program     static C:\Users\MJZ\Documents\cs019_sw\CS019B06\CS019B06.asm
             pwr_on_reset   0x000166    program     static C:\Users\MJZ\Documents\cs019_sw\CS019B06\CS019B06.asm
                    tick0   0x00016c    program     static C:\Users\MJZ\Documents\cs019_sw\CS019B06\CS019B06.asm
                    tick1   0x000179    program     static C:\Users\MJZ\Documents\cs019_sw\CS019B06\CS019B06.asm
                    tick2   0x000187    program     static C:\Users\MJZ\Documents\cs019_sw\CS019B06\CS019B06.asm
                    tick3   0x00018c    program     static C:\Users\MJZ\Documents\cs019_sw\CS019B06\CS019B06.asm
       chk_feed_rate_type   0x000199    program     static C:\Users\MJZ\Documents\cs019_sw\CS019B06\CS019B06.asm
                 feed_ok1   0x0001a1    program     static C:\Users\MJZ\Documents\cs019_sw\CS019B06\CS019B06.asm
                    tick4   0x0001a2    program     static C:\Users\MJZ\Documents\cs019_sw\CS019B06\CS019B06.asm
                    tick5   0x0001a8    program     static C:\Users\MJZ\Documents\cs019_sw\CS019B06\CS019B06.asm
                    tick6   0x0001ab    program     static C:\Users\MJZ\Documents\cs019_sw\CS019B06\CS019B06.asm
                    tick7   0x0001ae    program     static C:\Users\MJZ\Documents\cs019_sw\CS019B06\CS019B06.asm
           update_top_pwm   0x0001b2    program     static C:\Users\MJZ\Documents\cs019_sw\CS019B06\CS019B06.asm
             inc_top_by_8   0x0001bf    program     static C:\Users\MJZ\Documents\cs019_sw\CS019B06\CS019B06.asm
                  dec_top   0x0001c2    program     static C:\Users\MJZ\Documents\cs019_sw\CS019B06\CS019B06.asm
             dec_top_by_8   0x0001c8    program     static C:\Users\MJZ\Documents\cs019_sw\CS019B06\CS019B06.asm
                  set_top   0x0001ca    program     static C:\Users\MJZ\Documents\cs019_sw\CS019B06\CS019B06.asm
                 upd_exit   0x0001cc    program     static C:\Users\MJZ\Documents\cs019_sw\CS019B06\CS019B06.asm
           update_bot_pwm   0x0001cd    program     static C:\Users\MJZ\Documents\cs019_sw\CS019B06\CS019B06.asm
             inc_bot_by_8   0x0001da    program     static C:\Users\MJZ\Documents\cs019_sw\CS019B06\CS019B06.asm
                  dec_bot   0x0001dd    program     static C:\Users\MJZ\Documents\cs019_sw\CS019B06\CS019B06.asm
             dec_bot_by_8   0x0001e3    program     static C:\Users\MJZ\Documents\cs019_sw\CS019B06\CS019B06.asm
                  set_bot   0x0001e5    program     static C:\Users\MJZ\Documents\cs019_sw\CS019B06\CS019B06.asm
              update_done   0x0001e7    program     static C:\Users\MJZ\Documents\cs019_sw\CS019B06\CS019B06.asm
          update_feed_pwm   0x0001e8    program     static C:\Users\MJZ\Documents\cs019_sw\CS019B06\CS019B06.asm
           no_remote_feed   0x0001ee    program     static C:\Users\MJZ\Documents\cs019_sw\CS019B06\CS019B06.asm
                 feed_off   0x0001f2    program     static C:\Users\MJZ\Documents\cs019_sw\CS019B06\CS019B06.asm
                   over1v   0x0001fb    program     static C:\Users\MJZ\Documents\cs019_sw\CS019B06\CS019B06.asm
              enable_feed   0x0001fe    program     static C:\Users\MJZ\Documents\cs019_sw\CS019B06\CS019B06.asm
              update_feed   0x000207    program     static C:\Users\MJZ\Documents\cs019_sw\CS019B06\CS019B06.asm
                calc_feed   0x000212    program     static C:\Users\MJZ\Documents\cs019_sw\CS019B06\CS019B06.asm
                 feed_0_2   0x000235    program     static C:\Users\MJZ\Documents\cs019_sw\CS019B06\CS019B06.asm
                 feed_2_4   0x000245    program     static C:\Users\MJZ\Documents\cs019_sw\CS019B06\CS019B06.asm
                 feed_4_6   0x000250    program     static C:\Users\MJZ\Documents\cs019_sw\CS019B06\CS019B06.asm
                 feed_6_8   0x000262    program     static C:\Users\MJZ\Documents\cs019_sw\CS019B06\CS019B06.asm
                feed_8_10   0x000280    program     static C:\Users\MJZ\Documents\cs019_sw\CS019B06\CS019B06.asm
               feed_10_12   0x00029e    program     static C:\Users\MJZ\Documents\cs019_sw\CS019B06\CS019B06.asm
              feed_12_off   0x0002bc    program     static C:\Users\MJZ\Documents\cs019_sw\CS019B06\CS019B06.asm
                 feed_end   0x0002bf    program     static C:\Users\MJZ\Documents\cs019_sw\CS019B06\CS019B06.asm
            set_pwm_value   0x0002cb    program     static C:\Users\MJZ\Documents\cs019_sw\CS019B06\CS019B06.asm
             chk_feed_xit   0x0002cd    program     static C:\Users\MJZ\Documents\cs019_sw\CS019B06\CS019B06.asm
            init_feed_pwm   0x0002ce    program     static C:\Users\MJZ\Documents\cs019_sw\CS019B06\CS019B06.asm
               over_pt4_v   0x0002db    program     static C:\Users\MJZ\Documents\cs019_sw\CS019B06\CS019B06.asm
         init_enable_feed   0x0002de    program     static C:\Users\MJZ\Documents\cs019_sw\CS019B06\CS019B06.asm
         init_update_feed   0x0002e4    program     static C:\Users\MJZ\Documents\cs019_sw\CS019B06\CS019B06.asm
            init_feed_xit   0x0002e6    program     static C:\Users\MJZ\Documents\cs019_sw\CS019B06\CS019B06.asm
             update_sweep   0x0002e7    program     static C:\Users\MJZ\Documents\cs019_sw\CS019B06\CS019B06.asm
                 sweep_on   0x0002ef    program     static C:\Users\MJZ\Documents\cs019_sw\CS019B06\CS019B06.asm
                sweep_off   0x0002f6    program     static C:\Users\MJZ\Documents\cs019_sw\CS019B06\CS019B06.asm
              sweep_exit1   0x0002fa    program     static C:\Users\MJZ\Documents\cs019_sw\CS019B06\CS019B06.asm
               sweep_exit   0x0002fa    program     static C:\Users\MJZ\Documents\cs019_sw\CS019B06\CS019B06.asm
             sweep_remote   0x0002fb    program     static C:\Users\MJZ\Documents\cs019_sw\CS019B06\CS019B06.asm
            update_remote   0x0002fe    program     static C:\Users\MJZ\Documents\cs019_sw\CS019B06\CS019B06.asm
             update_rmxit   0x00031c    program     static C:\Users\MJZ\Documents\cs019_sw\CS019B06\CS019B06.asm
               remote_off   0x00031d    program     static C:\Users\MJZ\Documents\cs019_sw\CS019B06\CS019B06.asm
                  acq_a2d   0x000320    program     static C:\Users\MJZ\Documents\cs019_sw\CS019B06\CS019B06.asm
                  delaylp   0x00032d    program     static C:\Users\MJZ\Documents\cs019_sw\CS019B06\CS019B06.asm
                WaitNoInt   0x00032f    program     static C:\Users\MJZ\Documents\cs019_sw\CS019B06\CS019B06.asm
                  WaitAdc   0x000334    program     static C:\Users\MJZ\Documents\cs019_sw\CS019B06\CS019B06.asm
             calc_bot_pwm   0x00033f    program     static C:\Users\MJZ\Documents\cs019_sw\CS019B06\CS019B06.asm
         adjust_backspin1   0x00035b    program     static C:\Users\MJZ\Documents\cs019_sw\CS019B06\CS019B06.asm
                high_spd1   0x000377    program     static C:\Users\MJZ\Documents\cs019_sw\CS019B06\CS019B06.asm
               adjust_bs1   0x00038f    program     static C:\Users\MJZ\Documents\cs019_sw\CS019B06\CS019B06.asm
          adjust_topspin1   0x000399    program     static C:\Users\MJZ\Documents\cs019_sw\CS019B06\CS019B06.asm
                 slow_spd   0x0003bc    program     static C:\Users\MJZ\Documents\cs019_sw\CS019B06\CS019B06.asm
                  ts_com1   0x0003bd    program     static C:\Users\MJZ\Documents\cs019_sw\CS019B06\CS019B06.asm
                 no_spin1   0x0003c1    program     static C:\Users\MJZ\Documents\cs019_sw\CS019B06\CS019B06.asm
             calc_top_pwm   0x0003c9    program     static C:\Users\MJZ\Documents\cs019_sw\CS019B06\CS019B06.asm
           adjust_topspin   0x0003e4    program     static C:\Users\MJZ\Documents\cs019_sw\CS019B06\CS019B06.asm
                 high_spd   0x000400    program     static C:\Users\MJZ\Documents\cs019_sw\CS019B06\CS019B06.asm
                adjust_ts   0x000418    program     static C:\Users\MJZ\Documents\cs019_sw\CS019B06\CS019B06.asm
          adjust_backspin   0x00042e    program     static C:\Users\MJZ\Documents\cs019_sw\CS019B06\CS019B06.asm
                slow_spd1   0x000444    program     static C:\Users\MJZ\Documents\cs019_sw\CS019B06\CS019B06.asm
                   bs_com   0x000445    program     static C:\Users\MJZ\Documents\cs019_sw\CS019B06\CS019B06.asm
                  no_spin   0x000449    program     static C:\Users\MJZ\Documents\cs019_sw\CS019B06\CS019B06.asm
             power_is_off   0x00044c    program     static C:\Users\MJZ\Documents\cs019_sw\CS019B06\CS019B06.asm
            wait_reset_lp   0x000460    program     static C:\Users\MJZ\Documents\cs019_sw\CS019B06\CS019B06.asm
             charg_lt_3_3   0x000464    program     static C:\Users\MJZ\Documents\cs019_sw\CS019B06\CS019B06.asm
             charg_lt_3_2   0x000465    program     static C:\Users\MJZ\Documents\cs019_sw\CS019B06\CS019B06.asm
                flash_grn   0x000466    program     static C:\Users\MJZ\Documents\cs019_sw\CS019B06\CS019B06.asm
                flash_red   0x00046a    program     static C:\Users\MJZ\Documents\cs019_sw\CS019B06\CS019B06.asm
             charg_lt_3_0   0x00046e    program     static C:\Users\MJZ\Documents\cs019_sw\CS019B06\CS019B06.asm
                flash_com   0x000471    program     static C:\Users\MJZ\Documents\cs019_sw\CS019B06\CS019B06.asm
                fgrn_loop   0x000473    program     static C:\Users\MJZ\Documents\cs019_sw\CS019B06\CS019B06.asm
                 chk_rbif   0x000484    program     static C:\Users\MJZ\Documents\cs019_sw\CS019B06\CS019B06.asm
             pwr_off_loop   0x000492    program     static C:\Users\MJZ\Documents\cs019_sw\CS019B06\CS019B06.asm
               pwr_off_lp   0x000499    program     static C:\Users\MJZ\Documents\cs019_sw\CS019B06\CS019B06.asm
                chk_rbif3   0x00049a    program     static C:\Users\MJZ\Documents\cs019_sw\CS019B06\CS019B06.asm
                chk_rbif2   0x00049b    program     static C:\Users\MJZ\Documents\cs019_sw\CS019B06\CS019B06.asm
                chk_rbif1   0x0004ab    program     static C:\Users\MJZ\Documents\cs019_sw\CS019B06\CS019B06.asm
                  rbif_lp   0x0004b4    program     static C:\Users\MJZ\Documents\cs019_sw\CS019B06\CS019B06.asm
              motor_error   0x0004bf    program     static C:\Users\MJZ\Documents\cs019_sw\CS019B06\CS019B06.asm
                moterr_lp   0x0004c6    program     static C:\Users\MJZ\Documents\cs019_sw\CS019B06\CS019B06.asm
              flash_error   0x0004d8    program     static C:\Users\MJZ\Documents\cs019_sw\CS019B06\CS019B06.asm
           flash_greenled   0x0004db    program     static C:\Users\MJZ\Documents\cs019_sw\CS019B06\CS019B06.asm
                    pause   0x0004e5    program     static C:\Users\MJZ\Documents\cs019_sw\CS019B06\CS019B06.asm
                 bat_dead   0x0004ea    program     static C:\Users\MJZ\Documents\cs019_sw\CS019B06\CS019B06.asm
            bat_dead_loop   0x0004f1    program     static C:\Users\MJZ\Documents\cs019_sw\CS019B06\CS019B06.asm
                     wait   0x0004f4    program     static C:\Users\MJZ\Documents\cs019_sw\CS019B06\CS019B06.asm
                   waitlp   0x0004f5    program     static C:\Users\MJZ\Documents\cs019_sw\CS019B06\CS019B06.asm
           wait_no_clrwdt   0x000500    program     static C:\Users\MJZ\Documents\cs019_sw\CS019B06\CS019B06.asm
                  waitlp1   0x000501    program     static C:\Users\MJZ\Documents\cs019_sw\CS019B06\CS019B06.asm
           init_bat_level   0x00050b    program     static C:\Users\MJZ\Documents\cs019_sw\CS019B06\CS019B06.asm
              init_pl_com   0x00051a    program     static C:\Users\MJZ\Documents\cs019_sw\CS019B06\CS019B06.asm
           update_bat_led   0x00051c    program     static C:\Users\MJZ\Documents\cs019_sw\CS019B06\CS019B06.asm
                under2_5v   0x000524    program     static C:\Users\MJZ\Documents\cs019_sw\CS019B06\CS019B06.asm
        between_2.4v_2.5v   0x000526    program     static C:\Users\MJZ\Documents\cs019_sw\CS019B06\CS019B06.asm
                  grn_off   0x000529    program     static C:\Users\MJZ\Documents\cs019_sw\CS019B06\CS019B06.asm
                 over2_5v   0x00052e    program     static C:\Users\MJZ\Documents\cs019_sw\CS019B06\CS019B06.asm
                 over2_6v   0x000531    program     static C:\Users\MJZ\Documents\cs019_sw\CS019B06\CS019B06.asm
                   grn_on   0x000534    program     static C:\Users\MJZ\Documents\cs019_sw\CS019B06\CS019B06.asm
              bat_led_xit   0x000538    program     static C:\Users\MJZ\Documents\cs019_sw\CS019B06\CS019B06.asm
         record_bat_level   0x00053d    program     static C:\Users\MJZ\Documents\cs019_sw\CS019B06\CS019B06.asm
                   pl_com   0x00054c    program     static C:\Users\MJZ\Documents\cs019_sw\CS019B06\CS019B06.asm
            no_bat_adjust   0x000552    program     static C:\Users\MJZ\Documents\cs019_sw\CS019B06\CS019B06.asm
                debug_led   0x000553    program     static C:\Users\MJZ\Documents\cs019_sw\CS019B06\CS019B06.asm
                 mult_sub   0x000573    program     static C:\Users\MJZ\Documents\cs019_sw\CS019B06\CS019B06.asm
                  mult_lp   0x00057b    program     static C:\Users\MJZ\Documents\cs019_sw\CS019B06\CS019B06.asm
               mult_ret_0   0x000589    program     static C:\Users\MJZ\Documents\cs019_sw\CS019B06\CS019B06.asm
                mult_sub1   0x00058a    program     static C:\Users\MJZ\Documents\cs019_sw\CS019B06\CS019B06.asm
                 mult_lp1   0x000592    program     static C:\Users\MJZ\Documents\cs019_sw\CS019B06\CS019B06.asm
             usart_enable   0x0005a0    program     static C:\Users\MJZ\Documents\cs019_sw\CS019B06\CS019B06.asm
            usart_disable   0x0005a9    program     static C:\Users\MJZ\Documents\cs019_sw\CS019B06\CS019B06.asm
                usart_off   0x0005af    program     static C:\Users\MJZ\Documents\cs019_sw\CS019B06\CS019B06.asm
                  getchar   0x0005b5    program     static C:\Users\MJZ\Documents\cs019_sw\CS019B06\CS019B06.asm
              xmit_status   0x0005bb    program     static C:\Users\MJZ\Documents\cs019_sw\CS019B06\CS019B06.asm
                  putchar   0x0005bf    program     static C:\Users\MJZ\Documents\cs019_sw\CS019B06\CS019B06.asm
               chk_remote   0x0005c1    program     static C:\Users\MJZ\Documents\cs019_sw\CS019B06\CS019B06.asm
              no_blocking   0x0005cf    program     static C:\Users\MJZ\Documents\cs019_sw\CS019B06\CS019B06.asm
         set_remote_block   0x0005dd    program     static C:\Users\MJZ\Documents\cs019_sw\CS019B06\CS019B06.asm
            sweep_toggled   0x0005e1    program     static C:\Users\MJZ\Documents\cs019_sw\CS019B06\CS019B06.asm
             feed_toggled   0x0005e6    program     static C:\Users\MJZ\Documents\cs019_sw\CS019B06\CS019B06.asm
              chk_2linesw   0x0005eb    program     static C:\Users\MJZ\Documents\cs019_sw\CS019B06\CS019B06.asm
         linesw_no_change   0x0005f8    program     static C:\Users\MJZ\Documents\cs019_sw\CS019B06\CS019B06.asm
            linesw_change   0x000601    program     static C:\Users\MJZ\Documents\cs019_sw\CS019B06\CS019B06.asm
       linesw_toggle_init   0x00060b    program     static C:\Users\MJZ\Documents\cs019_sw\CS019B06\CS019B06.asm
        linesw_toggle_set   0x00060e    program     static C:\Users\MJZ\Documents\cs019_sw\CS019B06\CS019B06.asm
        linesw_toggle_clr   0x000611    program     static C:\Users\MJZ\Documents\cs019_sw\CS019B06\CS019B06.asm
                 chk_intf   0x000613    program     static C:\Users\MJZ\Documents\cs019_sw\CS019B06\CS019B06.asm
             ball_dropped   0x00061b    program     static C:\Users\MJZ\Documents\cs019_sw\CS019B06\CS019B06.asm
         normal_feed_rate   0x00061e    program     static C:\Users\MJZ\Documents\cs019_sw\CS019B06\CS019B06.asm
       restrict_feed_rate   0x000621    program     static C:\Users\MJZ\Documents\cs019_sw\CS019B06\CS019B06.asm
         toggle_green_led   0x000624    program     static C:\Users\MJZ\Documents\cs019_sw\CS019B06\CS019B06.asm
           toggle_red_led   0x000627    program     static C:\Users\MJZ\Documents\cs019_sw\CS019B06\CS019B06.asm
           top_not_inited   0x00062a    program     static C:\Users\MJZ\Documents\cs019_sw\CS019B06\CS019B06.asm
           bot_not_inited   0x00062d    program     static C:\Users\MJZ\Documents\cs019_sw\CS019B06\CS019B06.asm


